// Jest Snapshot v1, https://goo.gl/fbAQLP

exports[`Login Component Matches snapshot 1`] = `
<div
  className="signInPage"
>
  <div>
    <h3
      id="slogan"
    >
      Real deals crowdsourced by an awesome community 
    </h3>
  </div>
  <br />
  <br />
  <br />
  <Form
    as="form"
    className="mx-auto"
    style={
      Object {
        "width": "40rem",
      }
    }
  >
    <FormInput
      as={[Function]}
      control={[Function]}
      fluid={true}
      label="Enter email"
      onChange={[Function]}
      placeholder="Email"
      type="email"
    />
    <FormInput
      as={[Function]}
      control={[Function]}
      fluid={true}
      label="Enter password"
      onChange={[Function]}
      placeholder="Password"
      type="password"
    />
    <br />
    <br />
    <FormButton
      as={[Function]}
      control={[Function]}
      onClick={[Function]}
    >
      Login
    </FormButton>
  </Form>
</div>
`;
